// Jest Snapshot v1, https://goo.gl/fbAQLP

exports[`Tests on <GifItem /> should match the snapshot 1`] = `
<div>
  <div
    class="card"
  >
    <img
      alt="Pikachu"
      src="https://www.pokemon.com/pikachu.gif"
    />
    <p>
      Pikachu
    </p>
  </div>
</div>
`;
